[@ 0.000] C: symbol bill
[@ 0.000] B: bang
[@ 0.000] A: bang
[@ 0.000] A: bang
[@ 0.000] B: bang
[@ 0.000] C: bang
[@ 0.000] D: 234
[@ 0.000] B: symbol zack
[@ 0.000] A: bang
[@ 0.000] A: bang
[@ 0.000] B: 234