[@ 0.000] print: 20
[@ 0.000] print: 10
[@ 0.000] print: 50
[@ 0.000] print: 40
[@ 0.000] print: 50
[@ 0.000] print: 15
[@ 0.000] print: 67.8
[@ 0.000] print: 34.5
