[@ 0.000] print: 100 bla
[@ 0.000] print: 0 200
[@ 0.000] print: 10 200
[@ 0.000] print: 10 0
[@ 0.000] print: 10 100
