[@ 8.000] print: first
[@ 10.000] print: second
[@ 15.000] print: third
