[@ 0.000] print: -nan
[@ 0.000] print: -nan
[@ 0.000] print: 1.30833
[@ 0.000] print: 1.30833
[@ 0.000] print: -0.693147
[@ 0.000] print: -0.693147
