[@ 0.000] print: 6
[@ 0.000] print: 6
[@ 0.000] print: 6
[@ 0.000] print: -3
[@ 0.000] print: -3
[@ 0.000] print: -3
[@ 0.000] print: 2
[@ 0.000] print: 2
[@ 0.000] print: 2
