[@ 0.000] print: 122.348
[@ 0.000] print: nan
[@ 0.000] print: 0.70867
[@ 0.000] print: 2.38953
[@ 0.000] print: 11.1215
[@ 0.000] print: nan
[@ 0.000] print: -0.999135
[@ 0.000] print: -nan
[@ 0.000] print: 5.03722
[@ 0.000] print: nan
[@ 0.000] print: -0.666276
[@ 0.000] print: 1.47504
