[@ 0.000] print: 5.7
[@ 0.000] print: 3.1
[@ 0.000] print: 2.3
