[@ 0.000] print: -0.3
[@ 0.000] print: 1.6
[@ 0.000] print: -0.5
[@ 0.000] print: -0.4
[@ 0.000] print: 0.5
[@ 0.000] print: 0.5
