[@ 0.000] print: -nan
[@ 0.000] print: 1.92354
[@ 0.000] print: 0.707107
