[@ 0.000] print: 0.00673795
[@ 0.000] print: 40.4473
[@ 0.000] print: 1.64872
