[@ 0.000] print: nan
[@ 0.000] print: 0.568202
[@ 0.000] print: -0.30103
