[@ 0.000] print: 0.6
[@ 0.000] print: -0.0999999
[@ 0.000] print: 0.5
