[@ 0.000] print: 5
[@ 0.000] print: -3
[@ 0.000] print: 2
