[@ 0.000] print: -0.995584
[@ 0.000] print: 1.39094
[@ 0.000] print: 0.999967
[@ 0.000] print: -nan
[@ 0.000] print: 0.0416167
[@ 0.000] print: -1.25875
[@ 0.000] print: -0.995949
[@ 0.000] print: -nan
[@ 0.000] print: -1.11921
[@ 0.000] print: 1.16067
[@ 0.000] print: 0.980096
[@ 0.000] print: -nan
