[@ 0.000] print: 120
[@ 0.000] print: 10
[@ 0.000] print: 1
[@ 0.000] print: -4.1
[@ 0.000] print: -3.1
[@ 0.000] print: -1
[@ 0.000] print: 23
[@ 0.000] print: 2.3
[@ 0.000] print: 1
