[@ 0.000] print: -1
[@ 0.000] print: 2
[@ 0.000] print: 1
[@ 0.000] print: 1.67151e-07
[@ 0.000] print: 0.5205
[@ 0.000] print: 0.4795
