[@ 0.000] print: -0.70554
[@ 0.000] print: nan
[@ 0.000] print: 122.344
[@ 0.000] print: 2.40606
[@ 0.000] print: -0.0415808
[@ 0.000] print: nan
[@ 0.000] print: -11.0764
[@ 0.000] print: -1.8496
[@ 0.000] print: 0.745705
[@ 0.000] print: nan
[@ 0.000] print: 4.93696
[@ 0.000] print: 1.57028
