[@ 2.021] print: 1
[@ 6.021] print: 0
[@ 10.021] print: 0
