[@ 2.021] print: 0.755875
[@ 6.021] print: nan
[@ 10.021] print: 0.361728
