[@ 2.021] print: -1
[@ 2.021] print: 2
[@ 6.021] print: 1
[@ 6.021] print: 1.67151e-07
[@ 10.021] print: 0.5205
[@ 10.021] print: 0.4795
