[@ 2.021] print: -5
[@ 2.021] print: -5
[@ 6.021] print: 4
[@ 6.021] print: 3
[@ 10.021] print: 1
[@ 10.021] print: 0
