[@ 2.021] print: 5
[@ 6.021] print: -3
[@ 10.021] print: 2
