[@ 2.021] print: -nan
[@ 2.021] print: -nan
[@ 6.021] print: 1.30833
[@ 6.021] print: 1.30833
[@ 10.021] print: -0.693147
[@ 10.021] print: -0.693147
