[@ 2.021] print: -nan
[@ 6.021] print: 1.92354
[@ 10.021] print: 0.707107
