[@ 2.021] print: 298.867
[@ 6.021] print: 0.0450492
[@ 10.021] print: 9.97418
