[@ 1.021] print: -6
[@ 3.021] print: 2
[@ 5.021] print: -3
