[@ 2.021] print: 1.90211
[@ 6.021] print: -nan
[@ 10.021] print: 1.19392
