[@ 2.021] print: 297.867
[@ 6.021] print: -0.954951
[@ 10.021] print: 8.97418
