[@ 2.021] print: -6
[@ 6.021] print: 2
[@ 10.021] print: -3
