[@ 2.021] print: 5.7
[@ 3.021] print: 5
[@ 6.021] print: 5
[@ 7.021] print: -3.1
[@ 10.021] print: 5
[@ 11.021] print: 2.3
