[@ 2.021] print: 10
[@ 3.021] print: 120
[@ 4.021] print: 1
[@ 6.021] print: 3.1
[@ 7.021] print: 31
[@ 8.021] print: 1
[@ 10.021] print: 2.3
[@ 11.021] print: 23
[@ 12.021] print: 1
