[@ 2.021] print: -1.70998
[@ 6.021] print: 1.54668
[@ 10.021] print: 0.793701
