[@ 0.000] print: 0 22
[@ 0.000] print: 1 22
[@ 0.000] print: 2 22
[@ 0.000] print: 3 22
[@ 0.000] print: 4 22
[@ 0.000] print: 5 22
[@ 0.000] print: 6 22
[@ 0.000] print: 7 22
[@ 0.000] print: 8 22
[@ 0.000] print: 9 22
[@ 0.000] print: 10 22
[@ 0.000] print: 11 22