[@ 0.000] print: 59 3
[@ 0.000] print: 73 1
[@ 0.000] print: 60 3
[@ 0.000] print: 74 1
[@ 0.000] print: 61 3
[@ 0.000] print: 75 1
[@ 0.000] print: 62 3
[@ 0.000] print: 76 1
[@ 0.000] print: 63 3
[@ 0.000] print: 77 1
[@ 0.000] print: 62 3
[@ 0.000] print: 78 1
[@ 0.000] print: 63 3
[@ 0.000] print: 79 1
[@ 0.000] print: 62 3
[@ 0.000] print: 77 1
[@ 0.000] print: 61 3
[@ 0.000] print: 76 1
[@ 0.000] print: 60 3
[@ 0.000] print: 75 1
[@ 0.000] print: 59 3
[@ 0.000] print: 76 1
[@ 0.000] print: 58 3
[@ 0.000] print: 75 1
[@ 0.000] print: 74 1
[@ 0.000] print: 73 1