[@ 0.000] print:: 178
[@ 0.000] print:: 13
[@ 0.000] print:: 59
[@ 0.000] print:: 176
[@ 0.000] print:: 13
[@ 0.000] print:: 73
[@ 0.000] print:: 177
[@ 0.000] print:: 15
[@ 0.000] print:: 59
[@ 0.000] print:: 224
[@ 0.000] print:: 0
[@ 0.000] print:: 0
[@ 0.000] print:: 225
[@ 0.000] print:: 0
[@ 0.000] print:: 64
[@ 0.000] print:: 160
[@ 0.000] print:: 22
[@ 0.000] print:: 0
[@ 0.000] print:: 161
[@ 0.000] print:: 22
[@ 0.000] print:: 0
[@ 0.000] print:: 192
[@ 0.000] print:: 0
[@ 0.000] print:: 193
[@ 0.000] print:: 127
[@ 0.000] print:: 208
[@ 0.000] print:: 0
[@ 0.000] print:: 209
[@ 0.000] print:: 0
[@ 0.000] print:: 145
[@ 0.000] print:: 48
[@ 0.000] print:: 64
[@ 0.000] print:: 144
[@ 0.000] print:: 72
[@ 0.000] print:: 64
[@ 0.000] print:: 178
[@ 0.000] print:: 13
[@ 0.000] print:: 60
[@ 0.000] print:: 176
[@ 0.000] print:: 13
[@ 0.000] print:: 74
[@ 0.000] print:: 177
[@ 0.000] print:: 15
[@ 0.000] print:: 60
[@ 0.000] print:: 224
[@ 0.000] print:: 1
[@ 0.000] print:: 0
[@ 0.000] print:: 225
[@ 0.000] print:: 1
[@ 0.000] print:: 64
[@ 0.000] print:: 160
[@ 0.000] print:: 22
[@ 0.000] print:: 1
[@ 0.000] print:: 161
[@ 0.000] print:: 22
[@ 0.000] print:: 1
[@ 0.000] print:: 192
[@ 0.000] print:: 1
[@ 0.000] print:: 193
[@ 0.000] print:: 100
[@ 0.000] print:: 208
[@ 0.000] print:: 1
[@ 0.000] print:: 209
[@ 0.000] print:: 1
[@ 0.000] print:: 129
[@ 0.000] print:: 48
[@ 0.000] print:: 64
[@ 0.000] print:: 128
[@ 0.000] print:: 72
[@ 0.000] print:: 64
[@ 0.000] print:: 145
[@ 0.000] print:: 60
[@ 0.000] print:: 64
[@ 0.000] print:: 144
[@ 0.000] print:: 72
[@ 0.000] print:: 64
[@ 0.000] print:: 178
[@ 0.000] print:: 13
[@ 0.000] print:: 61
[@ 0.000] print:: 176
[@ 0.000] print:: 13
[@ 0.000] print:: 75
[@ 0.000] print:: 177
[@ 0.000] print:: 15
[@ 0.000] print:: 61
[@ 0.000] print:: 224
[@ 0.000] print:: 2
[@ 0.000] print:: 0
[@ 0.000] print:: 225
[@ 0.000] print:: 2
[@ 0.000] print:: 64
[@ 0.000] print:: 160
[@ 0.000] print:: 22
[@ 0.000] print:: 2
[@ 0.000] print:: 161
[@ 0.000] print:: 22
[@ 0.000] print:: 2
[@ 0.000] print:: 193
[@ 0.000] print:: 30
[@ 0.000] print:: 129
[@ 0.000] print:: 60
[@ 0.000] print:: 64
[@ 0.000] print:: 128
[@ 0.000] print:: 72
[@ 0.000] print:: 64
[@ 0.000] print:: 145
[@ 0.000] print:: 64
[@ 0.000] print:: 64
[@ 0.000] print:: 144
[@ 0.000] print:: 79
[@ 0.000] print:: 64
[@ 0.000] print:: 178
[@ 0.000] print:: 13
[@ 0.000] print:: 62
[@ 0.000] print:: 176
[@ 0.000] print:: 13
[@ 0.000] print:: 76
[@ 0.000] print:: 177
[@ 0.000] print:: 15
[@ 0.000] print:: 62
[@ 0.000] print:: 224
[@ 0.000] print:: 3
[@ 0.000] print:: 0
[@ 0.000] print:: 225
[@ 0.000] print:: 3
[@ 0.000] print:: 64
[@ 0.000] print:: 160
[@ 0.000] print:: 22
[@ 0.000] print:: 3
[@ 0.000] print:: 161
[@ 0.000] print:: 22
[@ 0.000] print:: 3
[@ 0.000] print:: 192
[@ 0.000] print:: 10
[@ 0.000] print:: 208
[@ 0.000] print:: 2
[@ 0.000] print:: 129
[@ 0.000] print:: 64
[@ 0.000] print:: 64
[@ 0.000] print:: 128
[@ 0.000] print:: 79
[@ 0.000] print:: 64
[@ 0.000] print:: 145
[@ 0.000] print:: 60
[@ 0.000] print:: 64
[@ 0.000] print:: 144
[@ 0.000] print:: 79
[@ 0.000] print:: 64
[@ 0.000] print:: 178
[@ 0.000] print:: 13
[@ 0.000] print:: 63
[@ 0.000] print:: 176
[@ 0.000] print:: 13
[@ 0.000] print:: 77
[@ 0.000] print:: 177
[@ 0.000] print:: 15
[@ 0.000] print:: 63
[@ 0.000] print:: 224
[@ 0.000] print:: 4
[@ 0.000] print:: 0
[@ 0.000] print:: 225
[@ 0.000] print:: 4
[@ 0.000] print:: 64
[@ 0.000] print:: 160
[@ 0.000] print:: 22
[@ 0.000] print:: 4
[@ 0.000] print:: 161
[@ 0.000] print:: 22
[@ 0.000] print:: 4
[@ 0.000] print:: 192
[@ 0.000] print:: 14
[@ 0.000] print:: 193
[@ 0.000] print:: 5
[@ 0.000] print:: 209
[@ 0.000] print:: 2
[@ 0.000] print:: 129
[@ 0.000] print:: 60
[@ 0.000] print:: 64
[@ 0.000] print:: 128
[@ 0.000] print:: 79
[@ 0.000] print:: 64
[@ 0.000] print:: 145
[@ 0.000] print:: 65
[@ 0.000] print:: 64
[@ 0.000] print:: 144
[@ 0.000] print:: 81
[@ 0.000] print:: 64
[@ 0.000] print:: 178
[@ 0.000] print:: 13
[@ 0.000] print:: 62
[@ 0.000] print:: 176
[@ 0.000] print:: 13
[@ 0.000] print:: 78
[@ 0.000] print:: 177
[@ 0.000] print:: 15
[@ 0.000] print:: 62
[@ 0.000] print:: 224
[@ 0.000] print:: 5
[@ 0.000] print:: 0
[@ 0.000] print:: 225
[@ 0.000] print:: 5
[@ 0.000] print:: 64
[@ 0.000] print:: 160
[@ 0.000] print:: 22
[@ 0.000] print:: 5
[@ 0.000] print:: 161
[@ 0.000] print:: 22
[@ 0.000] print:: 5
[@ 0.000] print:: 192
[@ 0.000] print:: 16
[@ 0.000] print:: 208
[@ 0.000] print:: 3
[@ 0.000] print:: 129
[@ 0.000] print:: 65
[@ 0.000] print:: 64
[@ 0.000] print:: 128
[@ 0.000] print:: 81
[@ 0.000] print:: 64
[@ 0.000] print:: 145
[@ 0.000] print:: 60
[@ 0.000] print:: 64
[@ 0.000] print:: 144
[@ 0.000] print:: 81
[@ 0.000] print:: 64
[@ 0.000] print:: 178
[@ 0.000] print:: 13
[@ 0.000] print:: 63
[@ 0.000] print:: 176
[@ 0.000] print:: 13
[@ 0.000] print:: 79
[@ 0.000] print:: 177
[@ 0.000] print:: 15
[@ 0.000] print:: 63
[@ 0.000] print:: 224
[@ 0.000] print:: 6
[@ 0.000] print:: 0
[@ 0.000] print:: 225
[@ 0.000] print:: 6
[@ 0.000] print:: 64
[@ 0.000] print:: 160
[@ 0.000] print:: 22
[@ 0.000] print:: 6
[@ 0.000] print:: 161
[@ 0.000] print:: 22
[@ 0.000] print:: 6
[@ 0.000] print:: 208
[@ 0.000] print:: 4
[@ 0.000] print:: 209
[@ 0.000] print:: 3
[@ 0.000] print:: 129
[@ 0.000] print:: 60
[@ 0.000] print:: 64
[@ 0.000] print:: 128
[@ 0.000] print:: 81
[@ 0.000] print:: 64
[@ 0.000] print:: 145
[@ 0.000] print:: 64
[@ 0.000] print:: 64
[@ 0.000] print:: 144
[@ 0.000] print:: 79
[@ 0.000] print:: 64
[@ 0.000] print:: 178
[@ 0.000] print:: 13
[@ 0.000] print:: 62
[@ 0.000] print:: 176
[@ 0.000] print:: 13
[@ 0.000] print:: 77
[@ 0.000] print:: 177
[@ 0.000] print:: 15
[@ 0.000] print:: 62
[@ 0.000] print:: 224
[@ 0.000] print:: 7
[@ 0.000] print:: 0
[@ 0.000] print:: 225
[@ 0.000] print:: 7
[@ 0.000] print:: 64
[@ 0.000] print:: 192
[@ 0.000] print:: 20
[@ 0.000] print:: 209
[@ 0.000] print:: 4
[@ 0.000] print:: 129
[@ 0.000] print:: 64
[@ 0.000] print:: 64
[@ 0.000] print:: 145
[@ 0.000] print:: 60
[@ 0.000] print:: 64
[@ 0.000] print:: 178
[@ 0.000] print:: 13
[@ 0.000] print:: 61
[@ 0.000] print:: 176
[@ 0.000] print:: 13
[@ 0.000] print:: 76
[@ 0.000] print:: 177
[@ 0.000] print:: 15
[@ 0.000] print:: 61
[@ 0.000] print:: 224
[@ 0.000] print:: 8
[@ 0.000] print:: 0
[@ 0.000] print:: 225
[@ 0.000] print:: 8
[@ 0.000] print:: 64
[@ 0.000] print:: 160
[@ 0.000] print:: 22
[@ 0.000] print:: 7
[@ 0.000] print:: 161
[@ 0.000] print:: 22
[@ 0.000] print:: 7
[@ 0.000] print:: 208
[@ 0.000] print:: 5
[@ 0.000] print:: 209
[@ 0.000] print:: 3
[@ 0.000] print:: 129
[@ 0.000] print:: 60
[@ 0.000] print:: 64
[@ 0.000] print:: 128
[@ 0.000] print:: 79
[@ 0.000] print:: 64
[@ 0.000] print:: 145
[@ 0.000] print:: 62
[@ 0.000] print:: 64
[@ 0.000] print:: 144
[@ 0.000] print:: 77
[@ 0.000] print:: 64
[@ 0.000] print:: 178
[@ 0.000] print:: 13
[@ 0.000] print:: 60
[@ 0.000] print:: 176
[@ 0.000] print:: 13
[@ 0.000] print:: 75
[@ 0.000] print:: 177
[@ 0.000] print:: 15
[@ 0.000] print:: 60
[@ 0.000] print:: 224
[@ 0.000] print:: 9
[@ 0.000] print:: 0
[@ 0.000] print:: 160
[@ 0.000] print:: 22
[@ 0.000] print:: 8
[@ 0.000] print:: 161
[@ 0.000] print:: 22
[@ 0.000] print:: 8
[@ 0.000] print:: 209
[@ 0.000] print:: 2
[@ 0.000] print:: 129
[@ 0.000] print:: 62
[@ 0.000] print:: 64
[@ 0.000] print:: 128
[@ 0.000] print:: 77
[@ 0.000] print:: 64
[@ 0.000] print:: 145
[@ 0.000] print:: 59
[@ 0.000] print:: 64
[@ 0.000] print:: 144
[@ 0.000] print:: 77
[@ 0.000] print:: 64
[@ 0.000] print:: 178
[@ 0.000] print:: 13
[@ 0.000] print:: 59
[@ 0.000] print:: 176
[@ 0.000] print:: 13
[@ 0.000] print:: 76
[@ 0.000] print:: 177
[@ 0.000] print:: 15
[@ 0.000] print:: 59
[@ 0.000] print:: 161
[@ 0.000] print:: 22
[@ 0.000] print:: 9
[@ 0.000] print:: 209
[@ 0.000] print:: 1
[@ 0.000] print:: 129
[@ 0.000] print:: 59
[@ 0.000] print:: 64
[@ 0.000] print:: 128
[@ 0.000] print:: 77
[@ 0.000] print:: 64
[@ 0.000] print:: 145
[@ 0.000] print:: 60
[@ 0.000] print:: 64
[@ 0.000] print:: 144
[@ 0.000] print:: 76
[@ 0.000] print:: 64
[@ 0.000] print:: 178
[@ 0.000] print:: 13
[@ 0.000] print:: 58
[@ 0.000] print:: 176
[@ 0.000] print:: 13
[@ 0.000] print:: 75
[@ 0.000] print:: 177
[@ 0.000] print:: 15
[@ 0.000] print:: 58
[@ 0.000] print:: 129
[@ 0.000] print:: 60
[@ 0.000] print:: 64
[@ 0.000] print:: 128
[@ 0.000] print:: 76
[@ 0.000] print:: 64
[@ 0.000] print:: 145
[@ 0.000] print:: 57
[@ 0.000] print:: 64
[@ 0.000] print:: 144
[@ 0.000] print:: 76
[@ 0.000] print:: 64
[@ 0.000] print:: 176
[@ 0.000] print:: 13
[@ 0.000] print:: 74
[@ 0.000] print:: 177
[@ 0.000] print:: 15
[@ 0.000] print:: 57
[@ 0.000] print:: 161
[@ 0.000] print:: 22
[@ 0.000] print:: 10
[@ 0.000] print:: 129
[@ 0.000] print:: 57
[@ 0.000] print:: 64
[@ 0.000] print:: 128
[@ 0.000] print:: 76
[@ 0.000] print:: 64
[@ 0.000] print:: 145
[@ 0.000] print:: 53
[@ 0.000] print:: 64
[@ 0.000] print:: 144
[@ 0.000] print:: 74
[@ 0.000] print:: 64
[@ 0.000] print:: 176
[@ 0.000] print:: 13
[@ 0.000] print:: 73
[@ 0.000] print:: 177
[@ 0.000] print:: 15
[@ 0.000] print:: 56
[@ 0.000] print:: 161
[@ 0.000] print:: 22
[@ 0.000] print:: 11
[@ 0.000] print:: 129
[@ 0.000] print:: 53
[@ 0.000] print:: 64
[@ 0.000] print:: 128
[@ 0.000] print:: 74
[@ 0.000] print:: 64
[@ 0.000] print:: 145
[@ 0.000] print:: 55
[@ 0.000] print:: 64
[@ 0.000] print:: 144
[@ 0.000] print:: 74
[@ 0.000] print:: 64
[@ 0.000] print:: 177
[@ 0.000] print:: 15
[@ 0.000] print:: 55
[@ 0.000] print:: 129
[@ 0.000] print:: 55
[@ 0.000] print:: 64
[@ 0.000] print:: 128
[@ 0.000] print:: 74
[@ 0.000] print:: 64
[@ 0.000] print:: 145
[@ 0.000] print:: 48
[@ 0.000] print:: 64
[@ 0.000] print:: 144
[@ 0.000] print:: 72
[@ 0.000] print:: 64
[@ 0.000] print:: 129
[@ 0.000] print:: 48
[@ 0.000] print:: 64
[@ 0.000] print:: 128
[@ 0.000] print:: 72
[@ 0.000] print:: 64