[@ 0.000] print: 59
[@ 0.000] print: 60
[@ 0.000] print: 61
[@ 0.000] print: 62
[@ 0.000] print: 63
[@ 0.000] print: 62
[@ 0.000] print: 63
[@ 0.000] print: 62
[@ 0.000] print: 61
[@ 0.000] print: 60
[@ 0.000] print: 59
[@ 0.000] print: 58