[@ 0.000] print: 0 1
[@ 0.000] print: 0 2
[@ 0.000] print: 1 1
[@ 0.000] print: 1 2
[@ 0.000] print: 2 1
[@ 0.000] print: 2 2
[@ 0.000] print: 3 1
[@ 0.000] print: 4 1
[@ 0.000] print: 3 2
[@ 0.000] print: 4 2
[@ 0.000] print: 5 1
[@ 0.000] print: 3 2
[@ 0.000] print: 2 2
[@ 0.000] print: 1 2