[@ 0.000] print: 8192
[@ 0.000] print: 8193
[@ 0.000] print: 8194
[@ 0.000] print: 8195
[@ 0.000] print: 8196
[@ 0.000] print: 8197
[@ 0.000] print: 8198
[@ 0.000] print: 8199
[@ 0.000] print: 8200