[@ 0.000] print: 0
[@ 0.000] print: 1
[@ 0.000] print: 2
[@ 0.000] print: 3
[@ 0.000] print: 4
[@ 0.000] print: 3
[@ 0.000] print: 2
[@ 0.000] print: 1