[@ 0.000] print: 48 64 2
[@ 0.000] print: 72 64 1
[@ 0.000] print: 48 0 2
[@ 0.000] print: 72 0 1
[@ 0.000] print: 60 64 2
[@ 0.000] print: 72 64 1
[@ 0.000] print: 60 0 2
[@ 0.000] print: 72 0 1
[@ 0.000] print: 64 64 2
[@ 0.000] print: 79 64 1
[@ 0.000] print: 64 0 2
[@ 0.000] print: 79 0 1
[@ 0.000] print: 60 64 2
[@ 0.000] print: 79 64 1
[@ 0.000] print: 60 0 2
[@ 0.000] print: 79 0 1
[@ 0.000] print: 65 64 2
[@ 0.000] print: 81 64 1
[@ 0.000] print: 65 0 2
[@ 0.000] print: 81 0 1
[@ 0.000] print: 60 64 2
[@ 0.000] print: 81 64 1
[@ 0.000] print: 60 0 2
[@ 0.000] print: 81 0 1
[@ 0.000] print: 64 64 2
[@ 0.000] print: 79 64 1
[@ 0.000] print: 64 0 2
[@ 0.000] print: 60 64 2
[@ 0.000] print: 60 0 2
[@ 0.000] print: 79 0 1
[@ 0.000] print: 62 64 2
[@ 0.000] print: 77 64 1
[@ 0.000] print: 62 0 2
[@ 0.000] print: 77 0 1
[@ 0.000] print: 59 64 2
[@ 0.000] print: 77 64 1
[@ 0.000] print: 59 0 2
[@ 0.000] print: 77 0 1
[@ 0.000] print: 60 64 2
[@ 0.000] print: 76 64 1
[@ 0.000] print: 60 0 2
[@ 0.000] print: 76 0 1
[@ 0.000] print: 57 64 2
[@ 0.000] print: 76 64 1
[@ 0.000] print: 57 0 2
[@ 0.000] print: 76 0 1
[@ 0.000] print: 53 64 2
[@ 0.000] print: 74 64 1
[@ 0.000] print: 53 0 2
[@ 0.000] print: 74 0 1
[@ 0.000] print: 55 64 2
[@ 0.000] print: 74 64 1
[@ 0.000] print: 55 0 2
[@ 0.000] print: 74 0 1
[@ 0.000] print: 48 64 2
[@ 0.000] print: 72 64 1
[@ 0.000] print: 48 0 2
[@ 0.000] print: 72 0 1