[@ 0.000] print: 48 64
[@ 0.000] print: 48 0
[@ 0.000] print: 60 64
[@ 0.000] print: 60 0
[@ 0.000] print: 64 64
[@ 0.000] print: 64 0
[@ 0.000] print: 60 64
[@ 0.000] print: 60 0
[@ 0.000] print: 65 64
[@ 0.000] print: 65 0
[@ 0.000] print: 60 64
[@ 0.000] print: 60 0
[@ 0.000] print: 64 64
[@ 0.000] print: 64 0
[@ 0.000] print: 60 64
[@ 0.000] print: 60 0
[@ 0.000] print: 62 64
[@ 0.000] print: 62 0
[@ 0.000] print: 59 64
[@ 0.000] print: 59 0
[@ 0.000] print: 60 64
[@ 0.000] print: 60 0
[@ 0.000] print: 57 64
[@ 0.000] print: 57 0
[@ 0.000] print: 53 64
[@ 0.000] print: 53 0
[@ 0.000] print: 55 64
[@ 0.000] print: 55 0
[@ 0.000] print: 48 64
[@ 0.000] print: 48 0