[@ 0.000] print: 0 22 1
[@ 0.000] print: 0 22 2
[@ 0.000] print: 1 22 1
[@ 0.000] print: 1 22 2
[@ 0.000] print: 2 22 1
[@ 0.000] print: 2 22 2
[@ 0.000] print: 3 22 1
[@ 0.000] print: 3 22 2
[@ 0.000] print: 4 22 1
[@ 0.000] print: 4 22 2
[@ 0.000] print: 5 22 1
[@ 0.000] print: 5 22 2
[@ 0.000] print: 6 22 1
[@ 0.000] print: 6 22 2
[@ 0.000] print: 7 22 1
[@ 0.000] print: 7 22 2
[@ 0.000] print: 8 22 1
[@ 0.000] print: 8 22 2
[@ 0.000] print: 9 22 2
[@ 0.000] print: 10 22 2
[@ 0.000] print: 11 22 2