[@ 0.000] print: 0 1
[@ 0.000] print: 8192 2
[@ 0.000] print: 1 1
[@ 0.000] print: 8193 2
[@ 0.000] print: 2 1
[@ 0.000] print: 8194 2
[@ 0.000] print: 3 1
[@ 0.000] print: 8195 2
[@ 0.000] print: 4 1
[@ 0.000] print: 8196 2
[@ 0.000] print: 5 1
[@ 0.000] print: 8197 2
[@ 0.000] print: 6 1
[@ 0.000] print: 8198 2
[@ 0.000] print: 7 1
[@ 0.000] print: 8199 2
[@ 0.000] print: 8 1
[@ 0.000] print: 8200 2
[@ 0.000] print: 9 1